// Vitest Snapshot v1

exports[`process-envify > should inject strings 1`] = `
{
  "process.env.BOOK_NAME": "\\"ECMAScript: Up and Running\\"",
}
`;
